// Jest Snapshot v1, https://goo.gl/fbAQLP

exports[`AddChapterButton component renders an add button 1`] = `
<Fragment>
  <div>
    <EditFormModalChapter />
  </div>
  <button
    type="button"
  >
    Add New
  </button>
</Fragment>
`;
